2026-08-01: 0 inserted
2026-08-02: 0 inserted
2026-08-03: 0 inserted
2026-08-04: 0 inserted
2026-08-05: 0 inserted
2026-08-06: 0 inserted
2026-08-07: 0 inserted
2026-08-08: 0 inserted
2026-08-09: 0 inserted
2026-08-10: 0 inserted
2026-08-11: 0 inserted
2026-08-12: 0 inserted
2026-08-13: 0 inserted
2026-08-14: 0 inserted
2026-08-15: 0 inserted
2026-08-16: 0 inserted
2026-08-17: 0 inserted
2026-08-18: 0 inserted
2026-08-19: 0 inserted
2026-08-20: 0 inserted
2026-08-21: 0 inserted
2026-08-22: 0 inserted
2026-08-23: 0 inserted
2026-08-24: 0 inserted
2026-08-25: 0 inserted
2026-08-26: 0 inserted
2026-08-27: 0 inserted
2026-08-28: 0 inserted
2026-08-29: 0 inserted
2026-08-30: 0 inserted
2026-08-31: 0 inserted
2026-09-01: 0 inserted
2026-09-02: 0 inserted
2026-09-03: 0 inserted
{
  "verification": {
    "actual": {
      "orders": 6000,
      "captured_krw": "203049000",
      "refunded_krw": "7937000",
      "net_collected_krw": "195112000"
    },
    "checks": {
      "orders": true,
      "captured_krw": true,
      "refunded_krw": true,
      "net_collected_krw": true,
      "mart_matches_ledger": true,
      "no_negative_net": true
    },
    "passed": true
  },
  "idempotent": true,
  "report": "reports/report.md"
}
